2026-08-16 04:38:49.240: [INFO] CurrentProfilePath: E:\5z-rule\5z_build\_edge-sk-1786855128953\Default
2026-08-16 04:38:49.240: [INFO] Profiles total count: 1
2026-08-16 04:38:49.240: [INFO] Profile: name=用户配置 1 path=E:\5z-rule\5z_build\_edge-sk-1786855128953\Default lastActive=null
2026-08-16 04:38:49.240: [INFO] LastUsedProfileDir: E:\5z-rule\5z_build\_edge-sk-1786855128953\Default
2026-08-16 04:38:49.240: [INFO] VisibilityChanged: 0
2026-08-16 04:38:49.251: [INFO] RecordSyncInitDuration has_sync_been_enabled: 0 state: 0
2026-08-16 04:38:49.252: [INFO] RecordSyncInitDuration has_sync_been_enabled: 0 state: 0
2026-08-16 04:38:49.252: [INFO] RecordSyncInitDuration has_sync_been_enabled: 0 state: 0
2026-08-16 04:38:49.253: [INFO] RecordSyncInitDuration has_sync_been_enabled: 0 state: 0
2026-08-16 04:38:49.253: [INFO] RecordSyncInitDuration has_sync_been_enabled: 0 state: 0
2026-08-16 04:38:49.254: [INFO] RecordSyncInitDuration has_sync_been_enabled: 0 state: 0
2026-08-16 04:38:49.254: [INFO] RecordSyncInitDuration has_sync_been_enabled: 0 state: 0
2026-08-16 04:38:49.255: [INFO] RecordSyncInitDuration has_sync_been_enabled: 0 state: 0
2026-08-16 04:38:49.256: [INFO] RecordSyncInitDuration has_sync_been_enabled: 0 state: 0
2026-08-16 04:38:49.256: [INFO] RecordSyncInitDuration has_sync_been_enabled: 0 state: 0
2026-08-16 04:38:49.272: [INFO] OnDoneLoading sync enabled: 0
2026-08-16 04:38:49.272: [INFO] BookmarkModelLoaded, ids_reassigned: 0
2026-08-16 04:38:49.272: [INFO] BookmarksLoadDropped droppedNodes=0
2026-08-16 04:38:49.272: [INFO] BookmarksSnapshot Startup total=0 bar=0 other=0 mobile=0 showBar=0 showBarNTP=1
2026-08-16 04:38:49.274: [INFO] RecordSyncInitDuration has_sync_been_enabled: 0 state: 0
